
=== run start Sun Aug  2 22:15:48 2026 surah 1-1 workers=4 ===
sura 1: 7 pending (done 0/7)
sura 1: saved 7/7 -> D:\primary-islamic-studies\js\tafsir\tamil-001.json
=== run end Sun Aug  2 22:15:50 2026 elapsed=0.0 min ===
manifest: total_ok=7 total_missing=0

=== run start Sun Aug  2 22:16:16 2026 surah 2-114 workers=4 ===
sura 2: 286 pending (done 0/286)
sura 2: saved 286/286 -> D:\primary-islamic-studies\js\tafsir\tamil-002.json
sura 3: 200 pending (done 0/200)
sura 3: saved 200/200 -> D:\primary-islamic-studies\js\tafsir\tamil-003.json
sura 4: 176 pending (done 0/176)
sura 4: saved 176/176 -> D:\primary-islamic-studies\js\tafsir\tamil-004.json
sura 5: 120 pending (done 0/120)
sura 5: saved 120/120 -> D:\primary-islamic-studies\js\tafsir\tamil-005.json
sura 6: 165 pending (done 0/165)
sura 6: saved 165/165 -> D:\primary-islamic-studies\js\tafsir\tamil-006.json
sura 7: 206 pending (done 0/206)
sura 7: saved 206/206 -> D:\primary-islamic-studies\js\tafsir\tamil-007.json
sura 8: 75 pending (done 0/75)
sura 8: saved 75/75 -> D:\primary-islamic-studies\js\tafsir\tamil-008.json
sura 9: 129 pending (done 0/129)
sura 9: saved 129/129 -> D:\primary-islamic-studies\js\tafsir\tamil-009.json
sura 10: 109 pending (done 0/109)
sura 10: saved 109/109 -> D:\primary-islamic-studies\js\tafsir\tamil-010.json
sura 11: 123 pending (done 0/123)
sura 11: saved 123/123 -> D:\primary-islamic-studies\js\tafsir\tamil-011.json
sura 12: 111 pending (done 0/111)
sura 12: saved 111/111 -> D:\primary-islamic-studies\js\tafsir\tamil-012.json
sura 13: 43 pending (done 0/43)
sura 13: saved 43/43 -> D:\primary-islamic-studies\js\tafsir\tamil-013.json
sura 14: 52 pending (done 0/52)
sura 14: saved 52/52 -> D:\primary-islamic-studies\js\tafsir\tamil-014.json
sura 15: 99 pending (done 0/99)
sura 15: saved 99/99 -> D:\primary-islamic-studies\js\tafsir\tamil-015.json
sura 16: 128 pending (done 0/128)
sura 16: saved 128/128 -> D:\primary-islamic-studies\js\tafsir\tamil-016.json
sura 17: 111 pending (done 0/111)
sura 17: saved 111/111 -> D:\primary-islamic-studies\js\tafsir\tamil-017.json
sura 18: 110 pending (done 0/110)
sura 18: saved 110/110 -> D:\primary-islamic-studies\js\tafsir\tamil-018.json
sura 19: 98 pending (done 0/98)
sura 19: saved 98/98 -> D:\primary-islamic-studies\js\tafsir\tamil-019.json
sura 20: 135 pending (done 0/135)
sura 20: saved 135/135 -> D:\primary-islamic-studies\js\tafsir\tamil-020.json
sura 21: 112 pending (done 0/112)
sura 21: saved 112/112 -> D:\primary-islamic-studies\js\tafsir\tamil-021.json
sura 22: 78 pending (done 0/78)
sura 22: saved 78/78 -> D:\primary-islamic-studies\js\tafsir\tamil-022.json
sura 23: 118 pending (done 0/118)
sura 23: saved 118/118 -> D:\primary-islamic-studies\js\tafsir\tamil-023.json
sura 24: 64 pending (done 0/64)
sura 24: saved 64/64 -> D:\primary-islamic-studies\js\tafsir\tamil-024.json
sura 25: 77 pending (done 0/77)
sura 25: saved 77/77 -> D:\primary-islamic-studies\js\tafsir\tamil-025.json
sura 26: 227 pending (done 0/227)
sura 26: saved 227/227 -> D:\primary-islamic-studies\js\tafsir\tamil-026.json
sura 27: 93 pending (done 0/93)
sura 27: saved 93/93 -> D:\primary-islamic-studies\js\tafsir\tamil-027.json
sura 28: 88 pending (done 0/88)
sura 28: saved 88/88 -> D:\primary-islamic-studies\js\tafsir\tamil-028.json
sura 29: 69 pending (done 0/69)
sura 29: saved 69/69 -> D:\primary-islamic-studies\js\tafsir\tamil-029.json
sura 30: 60 pending (done 0/60)
sura 30: saved 60/60 -> D:\primary-islamic-studies\js\tafsir\tamil-030.json
sura 31: 34 pending (done 0/34)
sura 31: saved 34/34 -> D:\primary-islamic-studies\js\tafsir\tamil-031.json
sura 32: 30 pending (done 0/30)
sura 32: saved 30/30 -> D:\primary-islamic-studies\js\tafsir\tamil-032.json
sura 33: 73 pending (done 0/73)
sura 33: saved 73/73 -> D:\primary-islamic-studies\js\tafsir\tamil-033.json
sura 34: 54 pending (done 0/54)
sura 34: saved 54/54 -> D:\primary-islamic-studies\js\tafsir\tamil-034.json
sura 35: 45 pending (done 0/45)
sura 35: saved 45/45 -> D:\primary-islamic-studies\js\tafsir\tamil-035.json
sura 36: 83 pending (done 0/83)
sura 36: saved 83/83 -> D:\primary-islamic-studies\js\tafsir\tamil-036.json
sura 37: 182 pending (done 0/182)
sura 37: saved 182/182 -> D:\primary-islamic-studies\js\tafsir\tamil-037.json
sura 38: 88 pending (done 0/88)
sura 38: saved 88/88 -> D:\primary-islamic-studies\js\tafsir\tamil-038.json
sura 39: 75 pending (done 0/75)
sura 39: saved 75/75 -> D:\primary-islamic-studies\js\tafsir\tamil-039.json
sura 40: 85 pending (done 0/85)
sura 40: saved 85/85 -> D:\primary-islamic-studies\js\tafsir\tamil-040.json
sura 41: 54 pending (done 0/54)
sura 41: saved 54/54 -> D:\primary-islamic-studies\js\tafsir\tamil-041.json
sura 42: 53 pending (done 0/53)
sura 42: saved 53/53 -> D:\primary-islamic-studies\js\tafsir\tamil-042.json
sura 43: 89 pending (done 0/89)
sura 43: saved 89/89 -> D:\primary-islamic-studies\js\tafsir\tamil-043.json
sura 44: 59 pending (done 0/59)
sura 44: saved 59/59 -> D:\primary-islamic-studies\js\tafsir\tamil-044.json
sura 45: 37 pending (done 0/37)
sura 45: saved 37/37 -> D:\primary-islamic-studies\js\tafsir\tamil-045.json
sura 46: 35 pending (done 0/35)
sura 46: saved 35/35 -> D:\primary-islamic-studies\js\tafsir\tamil-046.json
sura 47: 38 pending (done 0/38)
sura 47: saved 38/38 -> D:\primary-islamic-studies\js\tafsir\tamil-047.json
sura 48: 29 pending (done 0/29)
sura 48: saved 29/29 -> D:\primary-islamic-studies\js\tafsir\tamil-048.json
sura 49: 18 pending (done 0/18)
sura 49: saved 18/18 -> D:\primary-islamic-studies\js\tafsir\tamil-049.json
sura 50: 45 pending (done 0/45)
sura 50: saved 45/45 -> D:\primary-islamic-studies\js\tafsir\tamil-050.json
sura 51: 60 pending (done 0/60)
sura 51: saved 60/60 -> D:\primary-islamic-studies\js\tafsir\tamil-051.json
sura 52: 49 pending (done 0/49)
sura 52: saved 49/49 -> D:\primary-islamic-studies\js\tafsir\tamil-052.json
sura 53: 62 pending (done 0/62)
sura 53: saved 62/62 -> D:\primary-islamic-studies\js\tafsir\tamil-053.json
sura 54: 55 pending (done 0/55)
sura 54: saved 55/55 -> D:\primary-islamic-studies\js\tafsir\tamil-054.json
sura 55: 78 pending (done 0/78)
sura 55: saved 78/78 -> D:\primary-islamic-studies\js\tafsir\tamil-055.json
sura 56: 96 pending (done 0/96)
sura 56: saved 96/96 -> D:\primary-islamic-studies\js\tafsir\tamil-056.json
sura 57: 29 pending (done 0/29)
sura 57: saved 29/29 -> D:\primary-islamic-studies\js\tafsir\tamil-057.json
sura 58: 22 pending (done 0/22)
sura 58: saved 22/22 -> D:\primary-islamic-studies\js\tafsir\tamil-058.json
sura 59: 24 pending (done 0/24)
sura 59: saved 24/24 -> D:\primary-islamic-studies\js\tafsir\tamil-059.json
sura 60: 13 pending (done 0/13)
sura 60: saved 13/13 -> D:\primary-islamic-studies\js\tafsir\tamil-060.json
sura 61: 14 pending (done 0/14)
sura 61: saved 14/14 -> D:\primary-islamic-studies\js\tafsir\tamil-061.json
sura 62: 11 pending (done 0/11)
sura 62: saved 11/11 -> D:\primary-islamic-studies\js\tafsir\tamil-062.json
sura 63: 11 pending (done 0/11)
sura 63: saved 11/11 -> D:\primary-islamic-studies\js\tafsir\tamil-063.json
sura 64: 18 pending (done 0/18)
sura 64: saved 18/18 -> D:\primary-islamic-studies\js\tafsir\tamil-064.json
sura 65: 12 pending (done 0/12)
sura 65: saved 12/12 -> D:\primary-islamic-studies\js\tafsir\tamil-065.json
sura 66: 12 pending (done 0/12)
sura 66: saved 12/12 -> D:\primary-islamic-studies\js\tafsir\tamil-066.json
sura 67: 30 pending (done 0/30)
sura 67: saved 30/30 -> D:\primary-islamic-studies\js\tafsir\tamil-067.json
sura 68: 52 pending (done 0/52)
sura 68: saved 52/52 -> D:\primary-islamic-studies\js\tafsir\tamil-068.json
sura 69: 52 pending (done 0/52)
sura 69: saved 52/52 -> D:\primary-islamic-studies\js\tafsir\tamil-069.json
sura 70: 44 pending (done 0/44)
sura 70: saved 44/44 -> D:\primary-islamic-studies\js\tafsir\tamil-070.json
sura 71: 28 pending (done 0/28)
sura 71: saved 28/28 -> D:\primary-islamic-studies\js\tafsir\tamil-071.json
sura 72: 28 pending (done 0/28)
sura 72: saved 28/28 -> D:\primary-islamic-studies\js\tafsir\tamil-072.json
sura 73: 20 pending (done 0/20)
sura 73: saved 20/20 -> D:\primary-islamic-studies\js\tafsir\tamil-073.json
sura 74: 56 pending (done 0/56)
sura 74: saved 56/56 -> D:\primary-islamic-studies\js\tafsir\tamil-074.json
sura 75: 40 pending (done 0/40)
sura 75: saved 40/40 -> D:\primary-islamic-studies\js\tafsir\tamil-075.json
sura 76: 31 pending (done 0/31)
sura 76: saved 31/31 -> D:\primary-islamic-studies\js\tafsir\tamil-076.json
sura 77: 50 pending (done 0/50)
sura 77: saved 50/50 -> D:\primary-islamic-studies\js\tafsir\tamil-077.json
sura 78: 40 pending (done 0/40)
sura 78: saved 40/40 -> D:\primary-islamic-studies\js\tafsir\tamil-078.json
sura 79: 46 pending (done 0/46)
sura 79: saved 46/46 -> D:\primary-islamic-studies\js\tafsir\tamil-079.json
sura 80: 42 pending (done 0/42)
sura 80: saved 42/42 -> D:\primary-islamic-studies\js\tafsir\tamil-080.json
sura 81: 29 pending (done 0/29)
sura 81: saved 29/29 -> D:\primary-islamic-studies\js\tafsir\tamil-081.json
sura 82: 19 pending (done 0/19)
sura 82: saved 19/19 -> D:\primary-islamic-studies\js\tafsir\tamil-082.json
sura 83: 36 pending (done 0/36)
sura 83: saved 36/36 -> D:\primary-islamic-studies\js\tafsir\tamil-083.json
sura 84: 25 pending (done 0/25)
sura 84: saved 25/25 -> D:\primary-islamic-studies\js\tafsir\tamil-084.json
sura 85: 22 pending (done 0/22)
sura 85: saved 22/22 -> D:\primary-islamic-studies\js\tafsir\tamil-085.json
sura 86: 17 pending (done 0/17)
sura 86: saved 17/17 -> D:\primary-islamic-studies\js\tafsir\tamil-086.json
sura 87: 19 pending (done 0/19)
sura 87: saved 19/19 -> D:\primary-islamic-studies\js\tafsir\tamil-087.json
sura 88: 26 pending (done 0/26)
sura 88: saved 26/26 -> D:\primary-islamic-studies\js\tafsir\tamil-088.json
sura 89: 30 pending (done 0/30)
sura 89: saved 30/30 -> D:\primary-islamic-studies\js\tafsir\tamil-089.json
sura 90: 20 pending (done 0/20)
sura 90: saved 20/20 -> D:\primary-islamic-studies\js\tafsir\tamil-090.json
sura 91: 15 pending (done 0/15)
sura 91: saved 15/15 -> D:\primary-islamic-studies\js\tafsir\tamil-091.json
sura 92: 21 pending (done 0/21)
sura 92: saved 21/21 -> D:\primary-islamic-studies\js\tafsir\tamil-092.json
sura 93: 11 pending (done 0/11)
sura 93: saved 11/11 -> D:\primary-islamic-studies\js\tafsir\tamil-093.json
sura 94: 8 pending (done 0/8)
sura 94: saved 8/8 -> D:\primary-islamic-studies\js\tafsir\tamil-094.json
sura 95: 8 pending (done 0/8)
sura 95: saved 8/8 -> D:\primary-islamic-studies\js\tafsir\tamil-095.json
sura 96: 19 pending (done 0/19)
sura 96: saved 19/19 -> D:\primary-islamic-studies\js\tafsir\tamil-096.json
sura 97: 5 pending (done 0/5)
sura 97: saved 5/5 -> D:\primary-islamic-studies\js\tafsir\tamil-097.json
sura 98: 8 pending (done 0/8)
sura 98: saved 8/8 -> D:\primary-islamic-studies\js\tafsir\tamil-098.json
sura 99: 8 pending (done 0/8)
sura 99: saved 8/8 -> D:\primary-islamic-studies\js\tafsir\tamil-099.json
sura 100: 11 pending (done 0/11)
sura 100: saved 11/11 -> D:\primary-islamic-studies\js\tafsir\tamil-100.json
sura 101: 11 pending (done 0/11)
sura 101: saved 11/11 -> D:\primary-islamic-studies\js\tafsir\tamil-101.json
sura 102: 8 pending (done 0/8)
sura 102: saved 8/8 -> D:\primary-islamic-studies\js\tafsir\tamil-102.json
sura 103: 3 pending (done 0/3)
sura 103: saved 3/3 -> D:\primary-islamic-studies\js\tafsir\tamil-103.json
sura 104: 9 pending (done 0/9)
sura 104: saved 9/9 -> D:\primary-islamic-studies\js\tafsir\tamil-104.json
sura 105: 5 pending (done 0/5)
sura 105: saved 5/5 -> D:\primary-islamic-studies\js\tafsir\tamil-105.json
sura 106: 4 pending (done 0/4)
sura 106: saved 4/4 -> D:\primary-islamic-studies\js\tafsir\tamil-106.json
sura 107: 7 pending (done 0/7)
sura 107: saved 7/7 -> D:\primary-islamic-studies\js\tafsir\tamil-107.json
sura 108: 3 pending (done 0/3)
sura 108: saved 3/3 -> D:\primary-islamic-studies\js\tafsir\tamil-108.json
sura 109: 6 pending (done 0/6)
sura 109: saved 6/6 -> D:\primary-islamic-studies\js\tafsir\tamil-109.json
sura 110: 3 pending (done 0/3)
sura 110: saved 3/3 -> D:\primary-islamic-studies\js\tafsir\tamil-110.json
sura 111: 5 pending (done 0/5)
sura 111: saved 5/5 -> D:\primary-islamic-studies\js\tafsir\tamil-111.json
sura 112: 4 pending (done 0/4)
sura 112: saved 4/4 -> D:\primary-islamic-studies\js\tafsir\tamil-112.json
sura 113: 5 pending (done 0/5)
sura 113: saved 5/5 -> D:\primary-islamic-studies\js\tafsir\tamil-113.json
sura 114: 6 pending (done 0/6)
sura 114: saved 6/6 -> D:\primary-islamic-studies\js\tafsir\tamil-114.json
=== run end Sun Aug  2 22:58:39 2026 elapsed=42.4 min ===
manifest: total_ok=6236 total_missing=0
